\BOOKMARK [1][-]{cover.1}{\376\377\134\001\000\040\227\142}{}% 1
\BOOKMARK [1][-]{title.1}{\376\377\150\007\000\040\230\230}{}% 2
\BOOKMARK [1][-]{contents.1}{\376\377\166\356\000\040\137\125}{}% 3
\BOOKMARK [1][-]{section.1}{\376\377\0001\000\040\225\356\230\230\221\315\217\360\116\016\136\372\152\041\166\356\150\007}{}% 4
\BOOKMARK [1][-]{section.2}{\376\377\0002\000\040\126\376\152\041\127\213\060\001\173\046\123\367\116\016\176\246\147\137}{}% 5
\BOOKMARK [2][-]{subsection.2.1}{\376\377\0002\000.\0001\000\040\000T\000e\000n\000s\000o\000r\040\023\000O\000p\000\040\126\376\116\016\000\040\000O\000p\000-\000D\000A\000G}{section.2}% 6
\BOOKMARK [2][-]{subsection.2.2}{\376\377\0002\000.\0002\000\040\121\263\173\126\123\330\221\317}{section.2}% 7
\BOOKMARK [2][-]{subsection.2.3}{\376\377\0002\000.\0003\000\040\123\357\210\114\140\047\176\246\147\137}{section.2}% 8
\BOOKMARK [1][-]{section.3}{\376\377\0003\000\040\225\356\230\230\116\000\166\204\174\276\170\156\213\304\116\367\116\016\116\343\164\006\166\356\150\007}{}% 9
\BOOKMARK [2][-]{subsection.3.1}{\376\377\0003\000.\0001\000\040\133\230\145\271\000\040\000M\000a\000k\000e\000s\000p\000a\000n\000\040\166\356\150\007}{section.3}% 10
\BOOKMARK [2][-]{subsection.3.2}{\376\377\0003\000.\0002\000\040\137\353\220\037\173\133\220\011\213\304\122\006}{section.3}% 11
\BOOKMARK [1][-]{section.4}{\376\377\0004\000\040\120\031\220\011\145\271\150\110\165\037\142\020\116\016\155\367\124\010\144\034\175\042}{}% 12
\BOOKMARK [2][-]{subsection.4.1}{\376\377\0004\000.\0001\000\040\170\156\133\232\140\047\224\376\174\007\211\304\122\031}{section.4}% 13
\BOOKMARK [2][-]{subsection.4.2}{\376\377\0004\000.\0002\000\040\220\127\117\040\173\227\154\325\116\016\152\041\142\337\220\000\160\153\166\204\155\367\124\010\177\026\170\001}{section.4}% 14
\BOOKMARK [1][-]{section.5}{\376\377\0005\000\040\0005\150\070\133\236\232\214\176\323\147\234}{}% 15
\BOOKMARK [2][-]{subsection.5.1}{\376\377\0005\000.\0001\000\040\140\073\117\123\176\323\147\234}{section.5}% 16
\BOOKMARK [2][-]{subsection.5.2}{\376\377\0005\000.\0002\000\040\155\367\124\010\144\034\175\042\143\245\123\327\166\204\145\071\217\333}{section.5}% 17
\BOOKMARK [2][-]{subsection.5.3}{\376\377\0005\000.\0003\000\040\124\010\154\325\140\047\116\016\123\357\131\015\163\260\140\047\150\300\147\345}{section.5}% 18
\BOOKMARK [1][-]{section.6}{\376\377\0006\000\040\152\041\127\213\122\006\147\220\116\016\225\356\230\230\116\000\176\323\213\272}{}% 19
\BOOKMARK [2][-]{subsection.6.1}{\376\377\0006\000.\0001\000\040\145\271\154\325\147\011\145\110\140\047}{section.6}% 20
\BOOKMARK [2][-]{subsection.6.2}{\376\377\0006\000.\0002\000\040\134\100\226\120\140\047}{section.6}% 21
\BOOKMARK [2][-]{subsection.6.3}{\376\377\0006\000.\0003\000\040\176\323\213\272}{section.6}% 22
