{"case": "case_062", "best_rule": "ck01", "best_makespan": 619531, "improved": false, "evaluated": 4, "error": ""}
{"case": "case_092", "best_rule": "clpt_g", "best_makespan": 2438012, "improved": false, "evaluated": 3, "error": ""}
{"case": "case_072", "best_rule": "ck04_h", "best_makespan": 4843717, "improved": true, "evaluated": 4, "error": ""}
{"case": "case_041", "best_rule": "ccomp_h", "best_makespan": 1249892, "improved": true, "evaluated": 4, "error": ""}
{"case": "case_084", "best_rule": "clpt_g", "best_makespan": 692360, "improved": false, "evaluated": 3, "error": ""}
{"case": "case_028", "best_rule": "clpt_g", "best_makespan": 10194624, "improved": false, "evaluated": 4, "error": ""}
{"case": "case_058", "best_rule": "ccomp", "best_makespan": 1784441, "improved": false, "evaluated": 4, "error": ""}
{"case": "case_016", "best_rule": "cwhole_h", "best_makespan": 4059962, "improved": true, "evaluated": 4, "error": ""}
{"case": "case_025", "best_rule": "ccomp", "best_makespan": 1757768, "improved": false, "evaluated": 4, "error": ""}
{"case": "case_063", "best_rule": "ck01_h", "best_makespan": 235197, "improved": false, "evaluated": 5, "error": ""}
{"case": "case_067", "best_rule": "clpt_g", "best_makespan": 15967384, "improved": false, "evaluated": 3, "error": ""}
{"case": "case_030", "best_rule": "ccomp_h", "best_makespan": 615492, "improved": true, "evaluated": 5, "error": ""}
{"case": "case_079", "best_rule": "ccomp", "best_makespan": 6063684, "improved": false, "evaluated": 4, "error": ""}
{"case": "case_043", "best_rule": "ccomp_h", "best_makespan": 268850, "improved": true, "evaluated": 5, "error": ""}
{"case": "case_020", "best_rule": "clpt_g", "best_makespan": 134535, "improved": false, "evaluated": 5, "error": ""}
{"case": "case_053", "best_rule": "ccomp", "best_makespan": 492699, "improved": false, "evaluated": 5, "error": ""}
{"case": "case_054", "best_rule": "ccomp", "best_makespan": 518133, "improved": false, "evaluated": 4, "error": ""}
{"case": "case_038", "best_rule": "ccomp", "best_makespan": 317689, "improved": true, "evaluated": 5, "error": ""}
{"case": "case_031", "best_rule": "ccomp_h", "best_makespan": 321085, "improved": false, "evaluated": 5, "error": ""}
{"case": "case_099", "best_rule": "ccomp", "best_makespan": 421762, "improved": true, "evaluated": 5, "error": ""}
{"case": "case_060", "best_rule": "ccomp", "best_makespan": 193466, "improved": false, "evaluated": 5, "error": ""}
{"case": "case_095", "best_rule": "clpt_g", "best_makespan": 571574, "improved": false, "evaluated": 3, "error": ""}
{"case": "case_056", "best_rule": "ck01", "best_makespan": 273459, "improved": false, "evaluated": 5, "error": ""}
{"case": "case_009", "best_rule": "ccomp", "best_makespan": 92225, "improved": false, "evaluated": 5, "error": ""}
{"case": "case_075", "best_rule": "clpt_g", "best_makespan": 1450974, "improved": false, "evaluated": 5, "error": ""}
{"case": "case_097", "best_rule": "ccomp", "best_makespan": 2123528, "improved": false, "evaluated": 5, "error": ""}
{"case": "case_066", "best_rule": "ccomp", "best_makespan": 249724, "improved": false, "evaluated": 5, "error": ""}
{"case": "case_024", "best_rule": "cwhole_h", "best_makespan": 1345130, "improved": true, "evaluated": 12, "error": ""}
{"case": "case_047", "best_rule": "ck04_h", "best_makespan": 325911, "improved": false, "evaluated": 5, "error": ""}
{"case": "case_073", "best_rule": "clpt_g", "best_makespan": 3539849, "improved": false, "evaluated": 3, "error": ""}
{"case": "case_089", "best_rule": "clpt_g", "best_makespan": 210236, "improved": false, "evaluated": 5, "error": ""}
{"case": "case_007", "best_rule": "ccomp", "best_makespan": 365534, "improved": false, "evaluated": 4, "error": ""}
{"case": "case_081", "best_rule": "ccomp", "best_makespan": 42111, "improved": false, "evaluated": 5, "error": ""}
{"case": "case_039", "best_rule": "ccomp", "best_makespan": 562938, "improved": false, "evaluated": 7, "error": ""}
{"case": "case_003", "best_rule": "ccomp", "best_makespan": 539607, "improved": false, "evaluated": 5, "error": ""}
{"case": "case_034", "best_rule": "ccomp_h", "best_makespan": 195217, "improved": true, "evaluated": 12, "error": ""}
{"case": "case_042", "best_rule": "ck07_h", "best_makespan": 352061, "improved": true, "evaluated": 16, "error": ""}
{"case": "case_087", "best_rule": "ccomp_h", "best_makespan": 897903, "improved": false, "evaluated": 4, "error": ""}
{"case": "case_077", "best_rule": "ccomp", "best_makespan": 115410, "improved": true, "evaluated": 16, "error": ""}
{"case": "case_021", "best_rule": "ccomp", "best_makespan": 1283116, "improved": false, "evaluated": 7, "error": ""}
{"case": "case_036", "best_rule": "clpt_g", "best_makespan": 352860, "improved": false, "evaluated": 1, "error": ""}
{"case": "case_068", "best_rule": "ccomp_h", "best_makespan": 303362, "improved": false, "evaluated": 16, "error": ""}
{"case": "case_086", "best_rule": "ck04", "best_makespan": 118508, "improved": false, "evaluated": 14, "error": ""}
{"case": "case_049", "best_rule": "ccomp", "best_makespan": 160260, "improved": false, "evaluated": 14, "error": ""}
{"case": "case_074", "best_rule": "ccomp_h", "best_makespan": 353142, "improved": true, "evaluated": 16, "error": ""}
{"case": "case_083", "best_rule": "clpt_g", "best_makespan": 542671, "improved": false, "evaluated": 3, "error": ""}
{"case": "case_050", "best_rule": "clpt_g_h", "best_makespan": 107999, "improved": false, "evaluated": 16, "error": ""}
{"case": "case_013", "best_rule": "ccomp", "best_makespan": 102984, "improved": false, "evaluated": 5, "error": ""}
{"case": "case_002", "best_rule": "ck02_h", "best_makespan": 61229, "improved": false, "evaluated": 12, "error": ""}
{"case": "case_033", "best_rule": "ccomp_h", "best_makespan": 374479, "improved": false, "evaluated": 10, "error": ""}
{"case": "case_035", "best_rule": "ccomp", "best_makespan": 95460, "improved": false, "evaluated": 18, "error": ""}
{"case": "case_091", "best_rule": "ccomp", "best_makespan": 2015394, "improved": false, "evaluated": 4, "error": ""}
{"case": "case_045", "best_rule": "clpt_g", "best_makespan": 35703, "improved": false, "evaluated": 5, "error": ""}
{"case": "case_027", "best_rule": "ccomp", "best_makespan": 565244, "improved": false, "evaluated": 11, "error": ""}
{"case": "case_018", "best_rule": "ccomp_h", "best_makespan": 219065, "improved": true, "evaluated": 12, "error": ""}
{"case": "case_048", "best_rule": "ck02_h", "best_makespan": 223194, "improved": false, "evaluated": 14, "error": ""}
{"case": "case_059", "best_rule": "ccomp", "best_makespan": 163124, "improved": false, "evaluated": 7, "error": ""}
{"case": "case_017", "best_rule": "ccomp", "best_makespan": 40685, "improved": true, "evaluated": 16, "error": ""}
{"case": "case_090", "best_rule": "clpt_g", "best_makespan": 522053, "improved": false, "evaluated": 9, "error": ""}
{"case": "case_100", "best_rule": "ccomp", "best_makespan": 57791, "improved": false, "evaluated": 18, "error": ""}
{"case": "case_022", "best_rule": "ccomp_h", "best_makespan": 13173, "improved": true, "evaluated": 14, "error": ""}
{"case": "case_044", "best_rule": "mk04_h", "best_makespan": 119693, "improved": true, "evaluated": 9, "error": ""}
{"case": "case_008", "best_rule": "clpt_g", "best_makespan": 134736, "improved": false, "evaluated": 3, "error": ""}
{"case": "case_098", "best_rule": "ck07_h", "best_makespan": 89696, "improved": true, "evaluated": 16, "error": ""}
{"case": "case_061", "best_rule": "ccomp_h", "best_makespan": 22775, "improved": true, "evaluated": 14, "error": ""}
{"case": "case_055", "best_rule": "ccomp_h", "best_makespan": 30832, "improved": true, "evaluated": 18, "error": ""}
{"case": "case_040", "best_rule": "ccomp", "best_makespan": 110337, "improved": false, "evaluated": 16, "error": ""}
{"case": "case_070", "best_rule": "ccomp_h", "best_makespan": 32208, "improved": true, "evaluated": 18, "error": ""}
{"case": "case_051", "best_rule": "cwhole_h", "best_makespan": 320414, "improved": true, "evaluated": 12, "error": ""}
{"case": "case_088", "best_rule": "ck07_h", "best_makespan": 202719, "improved": false, "evaluated": 16, "error": ""}
{"case": "case_005", "best_rule": "ck07_h", "best_makespan": 97396, "improved": false, "evaluated": 14, "error": ""}
{"case": "case_029", "best_rule": "ccomp", "best_makespan": 11787, "improved": false, "evaluated": 9, "error": ""}
{"case": "case_052", "best_rule": "ccomp_h", "best_makespan": 42562, "improved": true, "evaluated": 14, "error": ""}
{"case": "case_012", "best_rule": "ccomp_h", "best_makespan": 17232, "improved": true, "evaluated": 16, "error": ""}
{"case": "case_078", "best_rule": "clpt_g", "best_makespan": 620100, "improved": false, "evaluated": 9, "error": ""}
{"case": "case_096", "best_rule": "ccomp_h", "best_makespan": 26917, "improved": true, "evaluated": 18, "error": ""}
{"case": "case_001", "best_rule": "clpt_g", "best_makespan": 88140, "improved": false, "evaluated": 1, "error": ""}
{"case": "case_080", "best_rule": "ccomp", "best_makespan": 119170, "improved": false, "evaluated": 11, "error": ""}
{"case": "case_023", "best_rule": "ccomp", "best_makespan": 29685, "improved": false, "evaluated": 16, "error": ""}
{"case": "case_015", "best_rule": "ccomp_h", "best_makespan": 44798, "improved": true, "evaluated": 18, "error": ""}
{"case": "case_046", "best_rule": "clpt_g", "best_makespan": 140604, "improved": false, "evaluated": 11, "error": ""}
{"case": "case_004", "best_rule": "ccomp", "best_makespan": 247003, "improved": false, "evaluated": 5, "error": ""}
{"case": "case_032", "best_rule": "ccomp_h", "best_makespan": 10273, "improved": true, "evaluated": 14, "error": ""}
{"case": "case_093", "best_rule": "ccomp", "best_makespan": 28635, "improved": false, "evaluated": 5, "error": ""}
{"case": "case_057", "best_rule": "ccomp", "best_makespan": 13747, "improved": true, "evaluated": 18, "error": ""}
{"case": "case_064", "best_rule": "ck02_h", "best_makespan": 20169, "improved": false, "evaluated": 12, "error": ""}
{"case": "case_037", "best_rule": "ccomp", "best_makespan": 46592, "improved": false, "evaluated": 9, "error": ""}
{"case": "case_065", "best_rule": "ccomp_h", "best_makespan": 14434, "improved": true, "evaluated": 16, "error": ""}
{"case": "case_069", "best_rule": "ck01", "best_makespan": 20121, "improved": true, "evaluated": 16, "error": ""}
{"case": "case_011", "best_rule": "ccomp", "best_makespan": 49484, "improved": false, "evaluated": 11, "error": ""}
{"case": "case_006", "best_rule": "ck07_h", "best_makespan": 28117, "improved": true, "evaluated": 18, "error": ""}
{"case": "case_010", "best_rule": "ck07_h", "best_makespan": 26150, "improved": true, "evaluated": 18, "error": ""}
{"case": "case_094", "best_rule": "ccomp_h", "best_makespan": 28195, "improved": true, "evaluated": 16, "error": ""}
{"case": "case_019", "best_rule": "ccomp", "best_makespan": 24134, "improved": false, "evaluated": 18, "error": ""}
{"case": "case_026", "best_rule": "ccomp_h", "best_makespan": 42536, "improved": true, "evaluated": 18, "error": ""}
{"case": "case_071", "best_rule": "ck01", "best_makespan": 18302, "improved": false, "evaluated": 16, "error": ""}
{"case": "case_082", "best_rule": "ck07_h", "best_makespan": 722692, "improved": false, "evaluated": 16, "error": ""}
{"case": "case_076", "best_rule": "ccomp", "best_makespan": 1343060, "improved": true, "evaluated": 4, "error": ""}
{"case": "case_014", "best_rule": "ccomp", "best_makespan": 3874137, "improved": false, "evaluated": 4, "error": ""}
{"case": "case_085", "best_rule": "mk02_h", "best_makespan": 4847073, "improved": false, "evaluated": 4, "error": ""}
delta written: day5_results/pipe_aware_v7_delta.csv
