{"case": "case_002", "num_cores": 5, "graph_class": "high_spill_risk", "rule": "single", "num_blocks": 1, "baseline_makespan": 261945, "makespan": 261945, "speedup": 1.0, "added_copy_bytes": 0, "spill_added_copy_bytes": 0, "error": ""}
{"case": "case_002", "num_cores": 5, "graph_class": "high_spill_risk", "rule": "continuous", "num_blocks": 5, "baseline_makespan": 261945, "makespan": 272281, "speedup": 0.9620392168384867, "added_copy_bytes": 531456, "spill_added_copy_bytes": 0, "error": ""}
{"case": "case_002", "num_cores": 5, "graph_class": "high_spill_risk", "rule": "wave", "num_blocks": 5, "baseline_makespan": 261945, "makespan": 259045, "speedup": 1.0111949661255766, "added_copy_bytes": 5200896, "spill_added_copy_bytes": 0, "error": ""}
{"case": "case_002", "num_cores": 5, "graph_class": "high_spill_risk", "rule": "components", "num_blocks": 1, "baseline_makespan": 261945, "makespan": 261945, "speedup": 1.0, "added_copy_bytes": 0, "spill_added_copy_bytes": 0, "error": ""}
{"case": "case_005", "num_cores": 5, "graph_class": "mixed", "rule": "single", "num_blocks": 1, "baseline_makespan": 95618, "makespan": 95618, "speedup": 1.0, "added_copy_bytes": 0, "spill_added_copy_bytes": 0, "error": ""}
{"case": "case_005", "num_cores": 5, "graph_class": "mixed", "rule": "continuous", "num_blocks": 5, "baseline_makespan": 95618, "makespan": 98181, "speedup": 0.9738951528299773, "added_copy_bytes": 347732, "spill_added_copy_bytes": 0, "error": ""}
{"case": "case_005", "num_cores": 5, "graph_class": "mixed", "rule": "wave", "num_blocks": 5, "baseline_makespan": 95618, "makespan": 101283, "speedup": 0.9440676125312244, "added_copy_bytes": 867884, "spill_added_copy_bytes": 0, "error": ""}
{"case": "case_005", "num_cores": 5, "graph_class": "mixed", "rule": "components", "num_blocks": 1, "baseline_makespan": 95618, "makespan": 95618, "speedup": 1.0, "added_copy_bytes": 0, "spill_added_copy_bytes": 0, "error": ""}
{"case": "case_003", "num_cores": 5, "graph_class": "high_spill_risk", "rule": "single", "num_blocks": 1, "baseline_makespan": 602212, "makespan": 602212, "speedup": 1.0, "added_copy_bytes": 0, "spill_added_copy_bytes": 0, "error": ""}
{"case": "case_003", "num_cores": 5, "graph_class": "high_spill_risk", "rule": "continuous", "num_blocks": 5, "baseline_makespan": 602212, "makespan": 599930, "speedup": 1.0038037771073292, "added_copy_bytes": 434966, "spill_added_copy_bytes": 0, "error": ""}
{"case": "case_003", "num_cores": 5, "graph_class": "high_spill_risk", "rule": "wave", "num_blocks": 5, "baseline_makespan": 602212, "makespan": 606748, "speedup": 0.9925240791893833, "added_copy_bytes": 882592, "spill_added_copy_bytes": 0, "error": ""}
{"case": "case_003", "num_cores": 5, "graph_class": "high_spill_risk", "rule": "components", "num_blocks": 10, "baseline_makespan": 602212, "makespan": 539607, "speedup": 1.1160196216876357, "added_copy_bytes": 786432, "spill_added_copy_bytes": 0, "error": ""}
{"case": "case_047", "num_cores": 5, "graph_class": "mixed", "rule": "single", "num_blocks": 1, "baseline_makespan": 326508, "makespan": 326508, "speedup": 1.0, "added_copy_bytes": 0, "spill_added_copy_bytes": 0, "error": ""}
{"case": "case_047", "num_cores": 5, "graph_class": "mixed", "rule": "continuous", "num_blocks": 5, "baseline_makespan": 326508, "makespan": 331220, "speedup": 0.9857738059295936, "added_copy_bytes": 53528, "spill_added_copy_bytes": 0, "error": ""}
{"case": "case_047", "num_cores": 5, "graph_class": "mixed", "rule": "wave", "num_blocks": 5, "baseline_makespan": 326508, "makespan": 331744, "speedup": 0.9842167454422688, "added_copy_bytes": 150864, "spill_added_copy_bytes": 0, "error": ""}
{"case": "case_047", "num_cores": 5, "graph_class": "mixed", "rule": "components", "num_blocks": 1, "baseline_makespan": 326508, "makespan": 326508, "speedup": 1.0, "added_copy_bytes": 0, "spill_added_copy_bytes": 0, "error": ""}
{"case": "case_056", "num_cores": 5, "graph_class": "mixed", "rule": "single", "num_blocks": 1, "baseline_makespan": 277285, "makespan": 277285, "speedup": 1.0, "added_copy_bytes": 0, "spill_added_copy_bytes": 0, "error": ""}
{"case": "case_056", "num_cores": 5, "graph_class": "mixed", "rule": "continuous", "num_blocks": 5, "baseline_makespan": 277285, "makespan": 282513, "speedup": 0.981494656883046, "added_copy_bytes": 305078, "spill_added_copy_bytes": 0, "error": ""}
{"case": "case_056", "num_cores": 5, "graph_class": "mixed", "rule": "wave", "num_blocks": 5, "baseline_makespan": 277285, "makespan": 293555, "speedup": 0.944575973837952, "added_copy_bytes": 748116, "spill_added_copy_bytes": 0, "error": ""}
{"case": "case_056", "num_cores": 5, "graph_class": "mixed", "rule": "components", "num_blocks": 19, "baseline_makespan": 277285, "makespan": 265764, "speedup": 1.0433504914134344, "added_copy_bytes": 0, "spill_added_copy_bytes": 0, "error": ""}
{"case": "case_063", "num_cores": 5, "graph_class": "high_spill_risk", "rule": "single", "num_blocks": 1, "baseline_makespan": 1070397, "makespan": 1070397, "speedup": 1.0, "added_copy_bytes": 0, "spill_added_copy_bytes": 0, "error": ""}
{"case": "case_063", "num_cores": 5, "graph_class": "high_spill_risk", "rule": "continuous", "num_blocks": 5, "baseline_makespan": 1070397, "makespan": 1098763, "speedup": 0.9741836956650343, "added_copy_bytes": 2070528, "spill_added_copy_bytes": 0, "error": ""}
{"case": "case_063", "num_cores": 5, "graph_class": "high_spill_risk", "rule": "wave", "num_blocks": 5, "baseline_makespan": 1070397, "makespan": 1045141, "speedup": 1.024165160490307, "added_copy_bytes": 21338112, "spill_added_copy_bytes": 0, "error": ""}
{"case": "case_063", "num_cores": 5, "graph_class": "high_spill_risk", "rule": "components", "num_blocks": 1, "baseline_makespan": 1070397, "makespan": 1070397, "speedup": 1.0, "added_copy_bytes": 0, "spill_added_copy_bytes": 0, "error": ""}
{"case": "case_068", "num_cores": 5, "graph_class": "high_spill_risk", "rule": "single", "num_blocks": 1, "baseline_makespan": 362095, "makespan": 362095, "speedup": 1.0, "added_copy_bytes": 0, "spill_added_copy_bytes": 0, "error": ""}
{"case": "case_068", "num_cores": 5, "graph_class": "high_spill_risk", "rule": "continuous", "num_blocks": 5, "baseline_makespan": 362095, "makespan": 363561, "speedup": 0.9959676642984259, "added_copy_bytes": 385940, "spill_added_copy_bytes": 0, "error": ""}
{"case": "case_068", "num_cores": 5, "graph_class": "high_spill_risk", "rule": "wave", "num_blocks": 5, "baseline_makespan": 362095, "makespan": 365802, "speedup": 0.989866102426996, "added_copy_bytes": 655186, "spill_added_copy_bytes": 177154, "error": ""}
{"case": "case_068", "num_cores": 5, "graph_class": "high_spill_risk", "rule": "components", "num_blocks": 32, "baseline_makespan": 362095, "makespan": 303479, "speedup": 1.1931468075221021, "added_copy_bytes": 5184, "spill_added_copy_bytes": 0, "error": ""}
{"case": "case_075", "num_cores": 5, "graph_class": "high_spill_risk", "rule": "single", "num_blocks": 1, "baseline_makespan": 1441809, "makespan": 1441809, "speedup": 1.0, "added_copy_bytes": 0, "spill_added_copy_bytes": 0, "error": ""}
{"case": "case_075", "num_cores": 5, "graph_class": "high_spill_risk", "rule": "continuous", "num_blocks": 5, "baseline_makespan": 1441809, "makespan": 1447845, "speedup": 0.9958310454503072, "added_copy_bytes": 139800, "spill_added_copy_bytes": 0, "error": ""}
{"case": "case_075", "num_cores": 5, "graph_class": "high_spill_risk", "rule": "wave", "num_blocks": 5, "baseline_makespan": 1441809, "makespan": 1450948, "speedup": 0.9937013593871041, "added_copy_bytes": 234768, "spill_added_copy_bytes": 0, "error": ""}
{"case": "case_075", "num_cores": 5, "graph_class": "high_spill_risk", "rule": "components", "num_blocks": 1, "baseline_makespan": 1441809, "makespan": 1441809, "speedup": 1.0, "added_copy_bytes": 0, "spill_added_copy_bytes": 0, "error": ""}
{"case": "case_082", "num_cores": 5, "graph_class": "mixed", "rule": "single", "num_blocks": 1, "baseline_makespan": 721041, "makespan": 721041, "speedup": 1.0, "added_copy_bytes": 0, "spill_added_copy_bytes": 0, "error": ""}
{"case": "case_082", "num_cores": 5, "graph_class": "mixed", "rule": "continuous", "num_blocks": 5, "baseline_makespan": 721041, "makespan": 715556, "speedup": 1.0076653679097094, "added_copy_bytes": 601748, "spill_added_copy_bytes": 0, "error": ""}
{"case": "case_082", "num_cores": 5, "graph_class": "mixed", "rule": "wave", "num_blocks": 5, "baseline_makespan": 721041, "makespan": 722179, "speedup": 0.9984242133875396, "added_copy_bytes": 1404492, "spill_added_copy_bytes": 0, "error": ""}
{"case": "case_082", "num_cores": 5, "graph_class": "mixed", "rule": "components", "num_blocks": 1, "baseline_makespan": 721041, "makespan": 721041, "speedup": 1.0, "added_copy_bytes": 0, "spill_added_copy_bytes": 0, "error": ""}
{"case": "case_085", "num_cores": 5, "graph_class": "high_spill_risk", "rule": "single", "num_blocks": 1, "baseline_makespan": 3187899, "makespan": 3187899, "speedup": 1.0, "added_copy_bytes": 0, "spill_added_copy_bytes": 0, "error": ""}
{"case": "case_085", "num_cores": 5, "graph_class": "high_spill_risk", "rule": "continuous", "num_blocks": 5, "baseline_makespan": 3187899, "makespan": 3179494, "speedup": 1.0026435023937772, "added_copy_bytes": 852760, "spill_added_copy_bytes": 0, "error": ""}
{"case": "case_085", "num_cores": 5, "graph_class": "high_spill_risk", "rule": "wave", "num_blocks": 5, "baseline_makespan": 3187899, "makespan": 3234914, "speedup": 0.9854663833412572, "added_copy_bytes": 2321232, "spill_added_copy_bytes": 0, "error": ""}
{"case": "case_085", "num_cores": 5, "graph_class": "high_spill_risk", "rule": "components", "num_blocks": 1, "baseline_makespan": 3187899, "makespan": 3187899, "speedup": 1.0, "added_copy_bytes": 0, "spill_added_copy_bytes": 0, "error": ""}
{"case": "case_086", "num_cores": 5, "graph_class": "mixed", "rule": "single", "num_blocks": 1, "baseline_makespan": 118403, "makespan": 118403, "speedup": 1.0, "added_copy_bytes": 0, "spill_added_copy_bytes": 0, "error": ""}
{"case": "case_086", "num_cores": 5, "graph_class": "mixed", "rule": "continuous", "num_blocks": 5, "baseline_makespan": 118403, "makespan": 120769, "speedup": 0.9804088797621906, "added_copy_bytes": 377396, "spill_added_copy_bytes": 0, "error": ""}
{"case": "case_086", "num_cores": 5, "graph_class": "mixed", "rule": "wave", "num_blocks": 5, "baseline_makespan": 118403, "makespan": 124931, "speedup": 0.9477471564303496, "added_copy_bytes": 1107468, "spill_added_copy_bytes": 0, "error": ""}
{"case": "case_086", "num_cores": 5, "graph_class": "mixed", "rule": "components", "num_blocks": 1, "baseline_makespan": 118403, "makespan": 118403, "speedup": 1.0, "added_copy_bytes": 0, "spill_added_copy_bytes": 0, "error": ""}
{"case": "case_088", "num_cores": 5, "graph_class": "high_spill_risk", "rule": "single", "num_blocks": 1, "baseline_makespan": 243623, "makespan": 243623, "speedup": 1.0, "added_copy_bytes": 0, "spill_added_copy_bytes": 0, "error": ""}
{"case": "case_088", "num_cores": 5, "graph_class": "high_spill_risk", "rule": "continuous", "num_blocks": 5, "baseline_makespan": 243623, "makespan": 243259, "speedup": 1.0014963475143777, "added_copy_bytes": 549092, "spill_added_copy_bytes": 0, "error": ""}
{"case": "case_088", "num_cores": 5, "graph_class": "high_spill_risk", "rule": "wave", "num_blocks": 5, "baseline_makespan": 243623, "makespan": 247636, "speedup": 0.9837947632815908, "added_copy_bytes": 539322, "spill_added_copy_bytes": 0, "error": ""}
{"case": "case_088", "num_cores": 5, "graph_class": "high_spill_risk", "rule": "components", "num_blocks": 31, "baseline_makespan": 243623, "makespan": 205176, "speedup": 1.1873854641868444, "added_copy_bytes": 221184, "spill_added_copy_bytes": 0, "error": ""}
{"case": "case_062", "num_cores": 5, "graph_class": "high_spill_risk", "rule": "single", "num_blocks": 1, "baseline_makespan": 2854809, "makespan": 2854809, "speedup": 1.0, "added_copy_bytes": 0, "spill_added_copy_bytes": 0, "error": ""}
{"case": "case_062", "num_cores": 5, "graph_class": "high_spill_risk", "rule": "continuous", "num_blocks": 5, "baseline_makespan": 2854809, "makespan": 2923561, "speedup": 0.9764834734079433, "added_copy_bytes": 5532672, "spill_added_copy_bytes": 0, "error": ""}
{"case": "case_062", "num_cores": 5, "graph_class": "high_spill_risk", "rule": "wave", "num_blocks": 5, "baseline_makespan": 2854809, "makespan": 2780149, "speedup": 1.0268546757745718, "added_copy_bytes": 56954880, "spill_added_copy_bytes": 0, "error": ""}
{"case": "case_062", "num_cores": 5, "graph_class": "high_spill_risk", "rule": "components", "num_blocks": 1, "baseline_makespan": 2854809, "makespan": 2854809, "speedup": 1.0, "added_copy_bytes": 0, "spill_added_copy_bytes": 0, "error": ""}
